[goodtoys.com.ua/ua/index.html]
[backblue.gif]
[fade.gif]
[index.html]
[goodtoys.com.ua/wa-data/public/site/themes/newgoodtoys/img/apple-touch-icon.png]
[goodtoys.com.ua/wa-data/public/site/themes/newgoodtoys/defaultc788.css]
[goodtoys.com.ua/wa-apps/shop/plugins/bdg/css/shopBdgPlugincda0.css]
[goodtoys.com.ua/wa-apps/shop/plugins/productsets/css/frontend.minb3ed.css]
[goodtoys.com.ua/wa-data/public/shop/themes/newgoodtoys/default.shop1c4d.css]
[goodtoys.com.ua/wa-data/public/shop/themes/newgoodtoys/jquery.bxslider1c4d.css]
[goodtoys.com.ua/wa-data/public/shop/themes/newgoodtoys/jquerycountdowntimer/css/jquery.countdownTimer.css]
[goodtoys.com.ua/wa-apps/shop/plugins/storequickorder/css/storequickorder.css]
[goodtoys.com.ua/wa-apps/shop/plugins/flexdiscount/img/loading16.gif]
[goodtoys.com.ua/wa-data/public/site/themes/newgoodtoys/media1c4d.css]
[goodtoys.com.ua/wa-data/public/shop/themes/newgoodtoys/img/tz_img_pc_ua770a.png]
[goodtoys.com.ua/wa-apps/shop/plugins/searchsmart/css/search_input.css]
[goodtoys.com.ua/wa-data/public/shop/themes/newgoodtoys/css/jquery-ui.css]
[goodtoys.com.ua/wa-data/public/shop/themes/newgoodtoys/owlcarousel/owl.carousel.min.css]
[goodtoys.com.ua/wa-data/public/shop/themes/newgoodtoys/owlcarousel/owl.theme.default.min.css]
[goodtoys.com.ua/wa-content/css/jquery-ui/base/jquery.ui.slider.css]
[goodtoys.com.ua/wa-data/public/shop/themes/newgoodtoys/slick/slick.css]
[goodtoys.com.ua/wa-data/public/shop/themes/newgoodtoys/slick/slick-theme.css]
[goodtoys.com.ua/wa-data/public/photos/37/00/37/37.1113x0.jpg]
[goodtoys.com.ua/wa-data/public/photos/22/00/22/22.1113x0.png]
[goodtoys.com.ua/wa-data/public/site/themes/newgoodtoys/img/loading.gif]
[goodtoys.com.ua/wa-content/js/jquery/jquery-1.11.1.min.js]
[goodtoys.com.ua/ua/brands/index.html]
[goodtoys.com.ua/wa-content/js/jquery/jquery-migrate-1.2.1.min.js]
[goodtoys.com.ua/wa-data/public/site/themes/newgoodtoys/jquery.touchSwipe.min.js]
[goodtoys.com.ua/wa-data/public/mini/js/17a844aa.js]
[goodtoys.com.ua/ua/contacts/index.html]
[goodtoys.com.ua/wa-data/public/mini/js/f22e40de.js]
[goodtoys.com.ua/wa-data/public/mini/js/f1654498.js]
[goodtoys.com.ua/wa-data/public/shop/plugins/bdg/_/js/shopBdgPlugin.js]
[goodtoys.com.ua/wa-apps/shop/plugins/productsets/js/frontend.minb3ed.js]
[goodtoys.com.ua/wa-apps/shop/plugins/flexdiscount/js/flexdiscountFrontend.min9677.js]
[goodtoys.com.ua/ua/about-us/index.html]
[goodtoys.com.ua/wa-data/public/mini/js/c7e8327b.js]
[goodtoys.com.ua/wa-data/public/shop/themes/newgoodtoys/jquery.bxslider.min1c4d.js]
[goodtoys.com.ua/wa-data/public/shop/themes/newgoodtoys/jquerycountdowntimer/jquery.countdownTimer.min712e.js]
[goodtoys.com.ua/wa-data/public/mini/js/75eb3fdb.js]
[goodtoys.com.ua/ua/delivery-payment/index.html]
[goodtoys.com.ua/wa-data/public/mini/js/fbba4884.js]
[goodtoys.com.ua/wa-content/js/jquery-plugins/jquery.retina.minf1ec.js]
[goodtoys.com.ua/wa-apps/shop/plugins/storequickorder/js/storequickorder.js]
[goodtoys.com.ua/wa-data/public/mini/js/55ea3c14.js]
[goodtoys.com.ua/wa-apps/shop/plugins/kmgtm/js/kmgtm.min4aa5.js]
[goodtoys.com.ua/wa-data/public/mini/js/4377445c.js]
[goodtoys.com.ua/wa-content/js/jquery-ui/jquery.ui.core.minf1ec.js]
[goodtoys.com.ua/wa-content/js/jquery-ui/jquery.ui.widget.minf1ec.js]
[goodtoys.com.ua/wa-content/js/jquery-ui/jquery.ui.mouse.minf1ec.js]
[goodtoys.com.ua/wa-content/js/jquery-ui/jquery.ui.slider.minf1ec.js]
[goodtoys.com.ua/ua/privacy-policy/index.html]
[goodtoys.com.ua/wa-data/public/site/themes/newgoodtoys/jquery.ui.touch-punch.minf1ec.js]
[goodtoys.com.ua/wa-data/public/shop/themes/newgoodtoys/owlcarousel/owl.carousel.min.js]
[goodtoys.com.ua/ua/index.html]
[goodtoys.com.ua/wa-data/public/site/themes/newgoodtoys/defaultc788.css]
[goodtoys.com.ua/wa-data/public/shop/themes/newgoodtoys/slick/slick.min.js]
[goodtoys.com.ua/wa-apps/shop/plugins/bdg/css/shopBdgPlugincda0.css]
[goodtoys.com.ua/ua/public-offer/index.html]
[goodtoys.com.ua/ua/igrushki-optom/index.html]
[goodtoys.com.ua/wa-apps/shop/plugins/productsets/css/frontend.minb3ed.css]
[goodtoys.com.ua/ua/login/index.html]
[goodtoys.com.ua/ua/category/best-offers/index.html]
[www.googletagmanager.com/gtm5445.html]
[goodtoys.com.ua/ua/category/dlja-samyh-malenkih/index.html]
[goodtoys.com.ua/wa-data/public/shop/themes/newgoodtoys/default.shop1c4d.css]
[goodtoys.com.ua/ua/category/igrushki-dlja-malchikov/index.html]
[goodtoys.com.ua/ua/category/igrushki-dlja-devochek/index.html]
[goodtoys.com.ua/wa-data/public/shop/themes/newgoodtoys/jquery.bxslider1c4d.css]
[goodtoys.com.ua/ua/category/detskij-transport/index.html]
[goodtoys.com.ua/ua/category/derevjannye-igrushki/index.html]
[goodtoys.com.ua/wa-data/public/shop/themes/newgoodtoys/jquerycountdowntimer/css/jquery.countdownTimer.css]
[goodtoys.com.ua/ua/category/detskaja-mebel/index.html]
[goodtoys.com.ua/ua/category/konstruktory/index.html]
[goodtoys.com.ua/wa-apps/shop/plugins/storequickorder/css/storequickorder.css]
[goodtoys.com.ua/ua/category/kartiny-po-nomeram/index.html]
[goodtoys.com.ua/ua/category/intellektualnye-nastolnye-igry/index.html]
[goodtoys.com.ua/wa-data/public/site/themes/newgoodtoys/media1c4d.css]
[goodtoys.com.ua/ua/category/bassejny-matrasy/index.html]
[goodtoys.com.ua/ua/category/sportivnye-tovary/index.html]
[goodtoys.com.ua/wa-apps/shop/plugins/searchsmart/css/search_input.css]
[goodtoys.com.ua/ua/category/igrushki-dlja-ulicy/index.html]
[goodtoys.com.ua/ua/category/kantselyariya-dlya-detey/index.html]
[goodtoys.com.ua/ua/brands/index.html]
[goodtoys.com.ua/ua/category/tovary-dlya-turizma/index.html]
[goodtoys.com.ua/ua/category/detskie-knigi/index.html]
[goodtoys.com.ua/ua/contacts/index.html]
[goodtoys.com.ua/ua/category/radioupravljaemye-modeli/index.html]
[goodtoys.com.ua/ua/category/razvivajushie-igrushki/index.html]
[goodtoys.com.ua/ua/about-us/index.html]
[goodtoys.com.ua/ua/category/golovolomki/index.html]
[goodtoys.com.ua/ua/category/figurki-geroev-i-zverej/index.html]
[goodtoys.com.ua/ua/delivery-payment/index.html]
[goodtoys.com.ua/ua/category/igrushki-antistress/index.html]
[goodtoys.com.ua/ua/category/detskie-palatki/index.html]
[goodtoys.com.ua/ua/politika-vozvrata-i-obmena/index.html]
[goodtoys.com.ua/ua/category/interaktivnye-igrushki/index.html]
[goodtoys.com.ua/ua/category/nabory-dlja-tvorchestva/index.html]
[goodtoys.com.ua/ua/privacy-policy/index.html]
[goodtoys.com.ua/ua/category/rukodelie/index.html]
[goodtoys.com.ua/ua/category/muzykalnye-instrumenty/index.html]
[goodtoys.com.ua/ua/public-offer/index.html]
[goodtoys.com.ua/ua/category/mjagki-igrushki/index.html]
[goodtoys.com.ua/ua/category/nastolnye-igry/index.html]
[goodtoys.com.ua/ua/igrushki-optom/index.html]
[goodtoys.com.ua/ua/category/gadzhety-dlya-detey-i-podrostkov/index.html]
[goodtoys.com.ua/ua/category/tovary-dlya-prazdnikov/index.html]
[goodtoys.com.ua/ua/login/index.html]
[goodtoys.com.ua/ua/category/odezhda-i-aksessuary/index.html]
[goodtoys.com.ua/ua/category/krutye-skidki-na-kukly-i-figurki/index.html]
[goodtoys.com.ua/wa-data/public/shop/themes/newgoodtoys/css/jquery-ui.css]
[goodtoys.com.ua/ua/product/konstruktor-qman-1411-1-chaser-fighter-86-detaley-v-korobke-v-displee-43-5-9-5-19sm/index.html]
[goodtoys.com.ua/ua/cart/index.html]
[goodtoys.com.ua/wa-data/public/shop/themes/newgoodtoys/owlcarousel/owl.carousel.min.css]
[goodtoys.com.ua/ua/product/pups-yl1914k-g-17sm-gorshok-butylochka-soska-v-kulke-20-25-5sm/index.html]
[goodtoys.com.ua/ua/product/pruzhinka-raduga-8710-setka-8-7-10sm/index.html]
[goodtoys.com.ua/ua/product/shakhmaty-2029-magnitnye-3v1-nardy-shashki-v-korobke-24-5-12-5-3-5sm/index.html]
[goodtoys.com.ua/wa-data/public/shop/themes/newgoodtoys/owlcarousel/owl.theme.default.min.css]
[goodtoys.com.ua/ua/product/kartina-po-nomeram-prikosnovenie-solnca-valentina-baranyuk-ideyka-kho3215-40kh50-sm/index.html]
[goodtoys.com.ua/ua/product/nastolnaya-igra-pravda-ili-delo-dlya-par-fgs18-ukr-ukr/index.html]
[goodtoys.com.ua/wa-content/css/jquery-ui/base/jquery.ui.slider.css]
[goodtoys.com.ua/ua/product/nastolnaya-igra-magnitnyy-teatr-krasnaya-shapochka-vladi-toys-vt3206-52-ukr/index.html]
[goodtoys.com.ua/ua/product/magnitnaya-igra-odevashka-blondinka-vladi-toys-vt3204-30-ukr/index.html]
[goodtoys.com.ua/wa-data/public/shop/themes/newgoodtoys/slick/slick.css]
[goodtoys.com.ua/ua/product/nastolnaya-igra-magnitnyy-teatr-zolushka-vladi-toys-vt3206-53-ukr/index.html]
[goodtoys.com.ua/ua/product/mashina-metallicheskaya-149a-blue-korobka-12-9-9sm/index.html]
[goodtoys.com.ua/wa-data/public/shop/themes/newgoodtoys/slick/slick-theme.css]
[goodtoys.com.ua/ua/product/kvadrocikl-hb-eatv1000q2-4-mp3-1sht-motor-diferencial-1000w-4akkum-12v-20ah-muz-usb-sd-siniy/index.html]
[goodtoys.com.ua/ua/product/kvadrocikl-m-3999eblr-1-r-u-2-4g-4motora35w-1akkum12v10ah-eva-kozh-tf-bel/index.html]
[goodtoys.com.ua/ua/category/best-offers/index.html]
[goodtoys.com.ua/ua/product/kvadrocikl-hb-eatv1000q2-1-mp3-motor-diferencial-1000w-4akkum-12v-20ah-muz-usb-sd-belyy/index.html]
[goodtoys.com.ua/ua/product/kvadrocikl-hb-eatv1000q2-5-mp3-1sht-motor-diferencial-1000w-4akkum-12v-20ah-muz-usb-sd-zelen/index.html]
[goodtoys.com.ua/ua/category/dlja-samyh-malenkih/index.html]
[goodtoys.com.ua/ua/product/kvadrocikl-hb-eatv1000q2-7-mp3-1sht-motor-diferencial-1000w-4akkum-12v-20ah-muz-usb-sd-oranzh/index.html]
[goodtoys.com.ua/ua/product/kvadrocikl-m-3999eblr-5-r-u-2-4g-4motora35w-1akkum12v10ah-eva-kozh-tf-zel/index.html]
[goodtoys.com.ua/ua/category/igrushki-dlja-malchikov/index.html]
[goodtoys.com.ua/ua/product/kvadrocikl-m-3999eblr-7-r-u-2-4g-4motora35w-1akkum12v10ah-eva-kozh-tf-ornazh/index.html]
[goodtoys.com.ua/ua/product/kvadrocikl-hb-eatv1000q2-3-mp3-1sht-motor-diferencial-1000w-4akkum20a-12v-muz-usb-sd-krasnyy/index.html]
[goodtoys.com.ua/ua/product/gruzovik-m-4208eblr-3-r-u2-4g-2mot35w-1akkum12v10ah-kozhsid-eva-muz-svet-mp3-usb-krasnyy/index.html]
[goodtoys.com.ua/ua/category/igrushki-dlja-devochek/index.html]
[goodtoys.com.ua/ua/product/gruzovik-m-4208eblr-2-r-u2-4g-2mot35w-1akkum12v10ah-kozhsid-eva-muz-svet-mp3-usb-chernyy/index.html]
[goodtoys.com.ua/ua/ua/index.html]
[goodtoys.com.ua/ua/category/detskij-transport/index.html]
[goodtoys.com.ua/ua/my/index.html]
[goodtoys.com.ua/ua/sitemap/index.html]
[goodtoys.com.ua/ua/category/derevjannye-igrushki/index.html]
[goodtoys.com.ua/ua/return-policy/index.html]
[goodtoys.com.ua/ua/terms-of-use/index.html]
[goodtoys.com.ua/ua/category/konstruktory/index.html]
[goodtoys.com.ua/ua/certificates/index.html]
[goodtoys.com.ua/ua/category/best-selling/index.html]
[goodtoys.com.ua/ua/category/detskaja-mebel/index.html]
[goodtoys.com.ua/ua/category/razprodazha/index.html]
[goodtoys.com.ua/ua/category/podarochnye-sertifikaty/index.html]
[goodtoys.com.ua/ua/category/new-arrivals/index.html]
[goodtoys.com.ua/ua/category/kartiny-po-nomeram/index.html]
[goodtoys.com.ua/ua/category/ucenyonnyj-tovar/index.html]
[goodtoys.com.ua/ua/category/detskie-kolyaski/index.html]
[goodtoys.com.ua/ua/category/intellektualnye-nastolnye-igry/index.html]
[goodtoys.com.ua/ua/category/kresla-kachalki-shezlongi/index.html]
[goodtoys.com.ua/ua/category/hodunki/index.html]
[goodtoys.com.ua/ua/category/bassejny-matrasy/index.html]
[goodtoys.com.ua/ua/category/avtokresla/index.html]
[goodtoys.com.ua/ua/category/stulchiki-dlja-kormlenija-/index.html]
[goodtoys.com.ua/ua/category/sportivnye-tovary/index.html]
[goodtoys.com.ua/ua/category/pryguni/index.html]
[goodtoys.com.ua/ua/category/razvivayushchie-igry/index.html]
[goodtoys.com.ua/ua/category/igrushki-dlja-ulicy/index.html]
[goodtoys.com.ua/ua/category/piramidki/index.html]
[goodtoys.com.ua/ua/category/kubiki-piramidki/index.html]
[goodtoys.com.ua/ua/category/tovary-dlya-turizma/index.html]
[goodtoys.com.ua/ua/category/nevalyashka-igrushka/index.html]
[goodtoys.com.ua/ua/category/pogremushki/index.html]
[goodtoys.com.ua/ua/category/kantselyariya-dlya-detey/index.html]
[goodtoys.com.ua/ua/category/termokovriki-dlya-detey/index.html]
[goodtoys.com.ua/ua/category/pazly-kovriki/index.html]
[goodtoys.com.ua/ua/category/detskie-knigi/index.html]
[goodtoys.com.ua/ua/category/razvivajushie-kovriki-i-centry/index.html]
[goodtoys.com.ua/ua/category/pogremushki-mobili/index.html]
[goodtoys.com.ua/ua/category/radioupravljaemye-modeli/index.html]
[goodtoys.com.ua/ua/category/sortery-logiki/index.html]
[goodtoys.com.ua/ua/category/igrushki-dlja-vannoj/index.html]
[goodtoys.com.ua/ua/category/figurki-geroev-i-zverej/index.html]
[goodtoys.com.ua/ua/category/telefon-rul-racija/index.html]
[goodtoys.com.ua/ua/category/parovoziki-i-mashinki-dlya-malyshey/index.html]
[goodtoys.com.ua/ua/category/razvivajushie-igrushki/index.html]
[goodtoys.com.ua/ua/category/detskie-noutbuki/index.html]
[goodtoys.com.ua/ua/category/rybalki-i-sachki/index.html]
[goodtoys.com.ua/ua/category/golovolomki/index.html]
[goodtoys.com.ua/ua/category/katalki-s-ruchkoj-i-na-verovochke/index.html]
[goodtoys.com.ua/ua/category/zavodnye-igrushki/index.html]
[goodtoys.com.ua/ua/category/detskie-palatki/index.html]
[goodtoys.com.ua/ua/category/july/index.html]
[goodtoys.com.ua/ua/category/detskie-svetilniki/index.html]
[goodtoys.com.ua/ua/category/igrushki-antistress/index.html]
[goodtoys.com.ua/ua/category/muzykalnye-igrushki/index.html]
[goodtoys.com.ua/ua/category/pianino-i-muz-instrumenty-dlya-malyshey/index.html]
[goodtoys.com.ua/ua/category/interaktivnye-igrushki/index.html]
[goodtoys.com.ua/ua/category/tekstil-dlya-malyshey/index.html]
[goodtoys.com.ua/ua/category/soski-pustyshki-prorezyvateli/index.html]
[goodtoys.com.ua/ua/category/nabory-dlja-tvorchestva/index.html]
[goodtoys.com.ua/ua/category/gorshki/index.html]
[goodtoys.com.ua/ua/category/rolevye-detskie-igrovye-nabory/index.html]
[goodtoys.com.ua/ua/category/rukodelie/index.html]
[goodtoys.com.ua/ua/category/garazhi-parkingi/index.html]
[goodtoys.com.ua/ua/category/detskie-mashinki-i-nabory-transporta/index.html]
[goodtoys.com.ua/ua/category/transformery-i-roboty/index.html]
[goodtoys.com.ua/ua/category/detskoe-oruzhie/index.html]
[goodtoys.com.ua/ua/category/mjagki-igrushki/index.html]
[goodtoys.com.ua/ua/category/kollekcionnye-modeli/index.html]
[goodtoys.com.ua/ua/category/nabory-drakonov-i-dinozavrov/index.html]
[goodtoys.com.ua/ua/category/muzykalnye-instrumenty/index.html]
[goodtoys.com.ua/ua/category/modeli-samoletov/index.html]
[goodtoys.com.ua/ua/category/avtotreki-parkingi/index.html]
[goodtoys.com.ua/ua/category/nastolnye-igry/index.html]
[goodtoys.com.ua/ua/category/detskaja-zheleznaja-doroga/index.html]
[goodtoys.com.ua/ua/category/beyblade-burst/index.html]
[goodtoys.com.ua/ua/category/gadzhety-dlya-detey-i-podrostkov/index.html]
[goodtoys.com.ua/ua/category/igrovye-nabory/index.html]
[goodtoys.com.ua/ua/category/kukly-dlja-devochek/index.html]
[goodtoys.com.ua/ua/category/odezhda-i-aksessuary/index.html]
[goodtoys.com.ua/ua/category/pupsy/index.html]
[goodtoys.com.ua/ua/category/mebel-dlja-kukol/index.html]
[goodtoys.com.ua/ua/category/tovary-dlya-prazdnikov/index.html]
[goodtoys.com.ua/ua/category/nabory-detskoy-kosmetiki-krasoty/index.html]
[goodtoys.com.ua/ua/category/shkatulki/index.html]
[goodtoys.com.ua/ua/category/koljaski-dlja-kukol/index.html]
[goodtoys.com.ua/ua/category/krutye-skidki-na-kukly-i-figurki/index.html]
[goodtoys.com.ua/ua/category/krovatki-dlja-kukol-/index.html]
[goodtoys.com.ua/ua/category/domiki-dlja-kukol/index.html]
[goodtoys.com.ua/ua/product/konstruktor-qman-1411-1-chaser-fighter-86-detaley-v-korobke-v-displee-43-5-9-5-19sm/index.html]
[goodtoys.com.ua/ua/category/samokaty/index.html]
[goodtoys.com.ua/ua/category/elektromobili/index.html]
[goodtoys.com.ua/ua/cart/index.html]
[goodtoys.com.ua/ua/category/rolikovye-konki/index.html]
[goodtoys.com.ua/ua/category/mashinki-katalki/index.html]
[goodtoys.com.ua/ua/product/pups-yl1914k-g-17sm-gorshok-butylochka-soska-v-kulke-20-25-5sm/index.html]
[goodtoys.com.ua/ua/category/skeyty-penibordy/index.html]
[goodtoys.com.ua/ua/category/begovely/index.html]
[goodtoys.com.ua/ua/product/shakhmaty-2029-magnitnye-3v1-nardy-shashki-v-korobke-24-5-12-5-3-5sm/index.html]
[goodtoys.com.ua/ua/category/velokarty/index.html]
[goodtoys.com.ua/ua/category/detskie-velosipedy/index.html]
[goodtoys.com.ua/ua/category/pedalnye-mashiny/index.html]
[goodtoys.com.ua/ua/category/sanki/index.html]
[goodtoys.com.ua/ua/product/pruzhinka-raduga-8710-setka-8-7-10sm/index.html]
[goodtoys.com.ua/ua/category/loshadki-kachalki/index.html]
[goodtoys.com.ua/ua/category/nakolenniki-nalokotniki-shlemy/index.html]
[goodtoys.com.ua/ua/product/kartina-po-nomeram-prikosnovenie-solnca-valentina-baranyuk-ideyka-kho3215-40kh50-sm/index.html]
[goodtoys.com.ua/ua/category/derevyannye-shnurovki/index.html]
[goodtoys.com.ua/ua/category/derevyannye-sortery/index.html]
[goodtoys.com.ua/ua/product/nastolnaya-igra-pravda-ili-delo-dlya-par-fgs18-ukr-ukr/index.html]
[goodtoys.com.ua/ua/category/bizibordy/index.html]
[goodtoys.com.ua/ua/category/derevyannye-labirinty/index.html]
[goodtoys.com.ua/ua/product/magnitnaya-igra-odevashka-blondinka-vladi-toys-vt3204-30-ukr/index.html]
[goodtoys.com.ua/ua/category/derevyannye-pazly/index.html]
[goodtoys.com.ua/ua/category/derevannuye-muzykalnye-igrushki/index.html]
[goodtoys.com.ua/ua/product/nastolnaya-igra-magnitnyy-teatr-krasnaya-shapochka-vladi-toys-vt3206-52-ukr/index.html]
[goodtoys.com.ua/ua/category/derevyannye-kubiki-piramidki/index.html]
[goodtoys.com.ua/ua/category/derevyannye-katalki/index.html]
[goodtoys.com.ua/ua/product/nastolnaya-igra-magnitnyy-teatr-zolushka-vladi-toys-vt3206-53-ukr/index.html]
[goodtoys.com.ua/ua/category/igrushki-stuchalki/index.html]
[goodtoys.com.ua/ua/category/derevyannye-zhivotnye/index.html]
[goodtoys.com.ua/ua/product/mashina-metallicheskaya-149a-blue-korobka-12-9-9sm/index.html]
[goodtoys.com.ua/ua/category/konstruktor-mashiny/index.html]
[goodtoys.com.ua/ua/category/derevyannye-balansiry/index.html]
[goodtoys.com.ua/ua/product/kvadrocikl-m-3999eblr-1-r-u-2-4g-4motora35w-1akkum12v10ah-eva-kozh-tf-bel/index.html]
[goodtoys.com.ua/ua/category/konstruktory-s-krupnymi-detaljami/index.html]
[goodtoys.com.ua/ua/category/magnitnye-metallicheskie/index.html]
[goodtoys.com.ua/ua/product/kvadrocikl-hb-eatv1000q2-4-mp3-1sht-motor-diferencial-1000w-4akkum-12v-20ah-muz-usb-sd-siniy/index.html]
[goodtoys.com.ua/ua/category/elektrokonstruktor/index.html]
[goodtoys.com.ua/ua/category/vintovye-konstruktory/index.html]
[goodtoys.com.ua/ua/product/kvadrocikl-hb-eatv1000q2-7-mp3-1sht-motor-diferencial-1000w-4akkum-12v-20ah-muz-usb-sd-oranzh/index.html]
[goodtoys.com.ua/ua/category/populjarnye/index.html]
[goodtoys.com.ua/ua/category/doma-otdyh/index.html]
[goodtoys.com.ua/ua/product/kvadrocikl-hb-eatv1000q2-1-mp3-motor-diferencial-1000w-4akkum-12v-20ah-muz-usb-sd-belyy/index.html]
[goodtoys.com.ua/ua/category/derevjannye-konstruktory/index.html]
[goodtoys.com.ua/ua/category/metallicheskie-konstruktory/index.html]
[goodtoys.com.ua/ua/product/kvadrocikl-hb-eatv1000q2-5-mp3-1sht-motor-diferencial-1000w-4akkum-12v-20ah-muz-usb-sd-zelen/index.html]
[goodtoys.com.ua/ua/category/konstruktor-lipuchka/index.html]
[goodtoys.com.ua/ua/category/konstruktory-zheleznaya-doroga/index.html]
[goodtoys.com.ua/ua/product/kvadrocikl-m-3999eblr-5-r-u-2-4g-4motora35w-1akkum12v10ah-eva-kozh-tf-zel/index.html]
[goodtoys.com.ua/ua/category/konstruktor-roboty/index.html]
[goodtoys.com.ua/ua/category/konstruktor-kosmos/index.html]
[goodtoys.com.ua/ua/product/kvadrocikl-m-3999eblr-7-r-u-2-4g-4motora35w-1akkum12v10ah-eva-kozh-tf-ornazh/index.html]
[goodtoys.com.ua/ua/category/policija-spasateli/index.html]
[goodtoys.com.ua/ua/category/konstruktor-piraty/index.html]
[goodtoys.com.ua/ua/product/kvadrocikl-hb-eatv1000q2-3-mp3-1sht-motor-diferencial-1000w-4akkum20a-12v-muz-usb-sd-krasnyy/index.html]
[goodtoys.com.ua/ua/category/s-zhivotnymi/index.html]
[goodtoys.com.ua/ua/category/ninzjago/index.html]
[goodtoys.com.ua/ua/product/gruzovik-m-4208eblr-2-r-u2-4g-2mot35w-1akkum12v10ah-kozhsid-eva-muz-svet-mp3-usb-chernyy/index.html]
[goodtoys.com.ua/ua/category/stoliki-i-stulchiki/index.html]
[goodtoys.com.ua/ua/category/krovatki-dlja-detej/index.html]
[goodtoys.com.ua/ua/product/gruzovik-m-4208eblr-3-r-u2-4g-2mot35w-1akkum12v10ah-kozhsid-eva-muz-svet-mp3-usb-krasnyy/index.html]
[goodtoys.com.ua/ua/category/voennaja-tehnika-/index.html]
[goodtoys.com.ua/ua/category/detskie-party/index.html]
[goodtoys.com.ua/ua/ua/index.html]
[goodtoys.com.ua/ua/category/polki-i-stellazhi-dlya-igrushek-knig/index.html]
[goodtoys.com.ua/ua/sitemap/index.html]
[goodtoys.com.ua/ua/category/korziny-dlja-igrushek/index.html]
[goodtoys.com.ua/ua/category/almaznaya-mozaika-po-nomeram/index.html]
[goodtoys.com.ua/ua/category/kartiny-po-nomeram-na-podramnike/index.html]
[goodtoys.com.ua/ua/my/index.html]
[goodtoys.com.ua/ua/category/kartina-po-nomeram-stikerami/index.html]
[goodtoys.com.ua/ua/category/kartiny-po-derevu/index.html]
[goodtoys.com.ua/ua/return-policy/index.html]
[goodtoys.com.ua/ua/category/raskraski-antistress/index.html]
[goodtoys.com.ua/ua/category/kartiny-2-v-1/index.html]
[goodtoys.com.ua/ua/terms-of-use/index.html]
[goodtoys.com.ua/ua/category/poliptikh-po-nomeram/index.html]
[goodtoys.com.ua/ua/category/nastolnye-igry-18/index.html]
[goodtoys.com.ua/ua/certificates/index.html]
[goodtoys.com.ua/ua/category/shahmaty-shashki-nardy/index.html]
[goodtoys.com.ua/ua/category/mafiya/index.html]
[goodtoys.com.ua/ua/category/razprodazha/index.html]
[goodtoys.com.ua/ua/category/obuchajushie/index.html]
[goodtoys.com.ua/ua/category/monopolija/index.html]
[goodtoys.com.ua/ua/category/best-selling/index.html]
[goodtoys.com.ua/ua/category/kartochnye-igry/index.html]
[goodtoys.com.ua/ua/category/semejnye/index.html]
[goodtoys.com.ua/ua/category/new-arrivals/index.html]
[goodtoys.com.ua/ua/category/duplet-i-memo/index.html]
[goodtoys.com.ua/ua/category/alians-i-pokhozhie-igry/index.html]
[goodtoys.com.ua/ua/category/podarochnye-sertifikaty/index.html]
[goodtoys.com.ua/ua/category/nastolnye-igry-v-dorogu/index.html]
[goodtoys.com.ua/ua/category/krokodil/index.html]
[goodtoys.com.ua/ua/category/ucenyonnyj-tovar/index.html]
[goodtoys.com.ua/ua/category/viktoriny/index.html]
[goodtoys.com.ua/ua/category/igry-brodilki-nastolnye/index.html]
[goodtoys.com.ua/ua/category/detskie-kolyaski/index.html]
[goodtoys.com.ua/ua/category/kto-ya/index.html]
[goodtoys.com.ua/ua/category/igry-golovolomki/index.html]
[goodtoys.com.ua/ua/category/avtokresla/index.html]
[goodtoys.com.ua/ua/category/tvister/index.html]
[goodtoys.com.ua/ua/category/domino/index.html]
[goodtoys.com.ua/ua/category/kresla-kachalki-shezlongi/index.html]
[goodtoys.com.ua/ua/category/loto/index.html]
[goodtoys.com.ua/ua/category/erudit/index.html]
[goodtoys.com.ua/ua/category/stulchiki-dlja-kormlenija-/index.html]
[goodtoys.com.ua/ua/category/dzhenga/index.html]
[goodtoys.com.ua/ua/category/igry-angry-birds/index.html]
[goodtoys.com.ua/ua/category/hodunki/index.html]
[goodtoys.com.ua/ua/category/nabory-dlya-pokera/index.html]
[goodtoys.com.ua/ua/category/ofisnye/index.html]
[goodtoys.com.ua/ua/category/pryguni/index.html]
[goodtoys.com.ua/ua/category/morskoy-boy/index.html]
[goodtoys.com.ua/ua/category/fentezi/index.html]
[goodtoys.com.ua/ua/category/razvivayushchie-igry/index.html]
[goodtoys.com.ua/ua/category/kolonizatory/index.html]
[goodtoys.com.ua/ua/category/detskie-bassejny/index.html]
[goodtoys.com.ua/ua/category/pogremushki/index.html]
[goodtoys.com.ua/ua/category/detskie-igrovye-centry/index.html]
[goodtoys.com.ua/ua/category/detskie-naduvnye-plotiki/index.html]
[goodtoys.com.ua/ua/category/piramidki/index.html]
[goodtoys.com.ua/ua/category/karkasnye-bassejny/index.html]
[goodtoys.com.ua/ua/category/naduvnye-dzhakuzi/index.html]
[goodtoys.com.ua/ua/category/kubiki-piramidki/index.html]
[goodtoys.com.ua/ua/category/naduvnye-krugi-zhilety-narukavniki/index.html]
[goodtoys.com.ua/ua/category/naduvnye-kresla-pufiki/index.html]
[goodtoys.com.ua/ua/category/nevalyashka-igrushka/index.html]
[goodtoys.com.ua/ua/category/naduvnye-krovati/index.html]
[goodtoys.com.ua/ua/category/naduvnye-matrasy/index.html]
[goodtoys.com.ua/ua/category/termokovriki-dlya-detey/index.html]
[goodtoys.com.ua/ua/category/plajnie-matrasy/index.html]
[goodtoys.com.ua/ua/category/naduvnye-podushki/index.html]
[goodtoys.com.ua/ua/category/pazly-kovriki/index.html]
[goodtoys.com.ua/ua/category/trubki-dlya-plavaniya-aksessuary/index.html]
[goodtoys.com.ua/ua/category/lasty/index.html]
[goodtoys.com.ua/ua/category/razvivajushie-kovriki-i-centry/index.html]
[goodtoys.com.ua/ua/category/nasosy-lasty/index.html]
[goodtoys.com.ua/ua/category/oborudovanie-i-aksessuary-dlya-basseynov/index.html]
[goodtoys.com.ua/ua/category/pogremushki-mobili/index.html]
[goodtoys.com.ua/ua/category/batuty/index.html]
[goodtoys.com.ua/ua/category/velosipedy/index.html]
[goodtoys.com.ua/ua/category/sortery-logiki/index.html]
[goodtoys.com.ua/ua/category/bokserskie-nabory/index.html]
[goodtoys.com.ua/ua/category/darts/index.html]
[goodtoys.com.ua/ua/category/ganteli/index.html]
[goodtoys.com.ua/ua/category/igrushki-dlja-vannoj/index.html]
[goodtoys.com.ua/ua/category/futbolnye-vorota/index.html]
[goodtoys.com.ua/ua/category/futbolnye-myachi/index.html]
[goodtoys.com.ua/ua/category/telefon-rul-racija/index.html]
[goodtoys.com.ua/ua/category/basketbolnye-kolca/index.html]
[goodtoys.com.ua/ua/category/voleybolnye-myachi/index.html]
[goodtoys.com.ua/ua/category/detskie-noutbuki/index.html]
[goodtoys.com.ua/ua/category/basketbolnye-myachi/index.html]
[goodtoys.com.ua/ua/category/khula-khupy/index.html]
[goodtoys.com.ua/ua/category/parovoziki-i-mashinki-dlya-malyshey/index.html]
[goodtoys.com.ua/ua/category/myachi-dlya-fitnesa/index.html]
[goodtoys.com.ua/ua/category/nastolnyy-tennis/index.html]
[goodtoys.com.ua/ua/category/rybalki-i-sachki/index.html]
[goodtoys.com.ua/ua/category/badminton/index.html]
[goodtoys.com.ua/ua/category/massazhnye-roliki/index.html]
[goodtoys.com.ua/ua/category/zavodnye-igrushki/index.html]
[goodtoys.com.ua/ua/category/skakalki/index.html]
[goodtoys.com.ua/ua/category/roliki-dlya-pressa/index.html]
[goodtoys.com.ua/ua/category/katalki-s-ruchkoj-i-na-verovochke/index.html]
[goodtoys.com.ua/ua/category/espandery/index.html]
[goodtoys.com.ua/ua/category/turniki/index.html]
[goodtoys.com.ua/ua/category/july/index.html]
[goodtoys.com.ua/ua/category/kovriki-dlya-yogi-fitnesa/index.html]
[goodtoys.com.ua/ua/category/trenazhery/index.html]
[goodtoys.com.ua/ua/category/detskie-svetilniki/index.html]
[goodtoys.com.ua/ua/category/raznoe/index.html]
[goodtoys.com.ua/ua/category/mjachi/index.html]
[goodtoys.com.ua/ua/category/igrovye-komleksy-dlya-ulitsy/index.html]
[goodtoys.com.ua/ua/category/pianino-i-muz-instrumenty-dlya-malyshey/index.html]
[goodtoys.com.ua/ua/category/kacheli/index.html]
[goodtoys.com.ua/ua/category/gorki-detskie/index.html]
[goodtoys.com.ua/ua/category/snezhkolepy-ledyanki-tarelki/index.html]
[goodtoys.com.ua/ua/category/muzykalnye-igrushki/index.html]
[goodtoys.com.ua/ua/category/frisbi/index.html]
[goodtoys.com.ua/ua/category/vozdushnye-zmei/index.html]
[goodtoys.com.ua/ua/category/tekstil-dlya-malyshey/index.html]
[goodtoys.com.ua/ua/category/bumerangi/index.html]
[goodtoys.com.ua/ua/category/koltsebrosy/index.html]
[goodtoys.com.ua/ua/category/soski-pustyshki-prorezyvateli/index.html]
[goodtoys.com.ua/ua/category/mylnye-puzyri/index.html]
[goodtoys.com.ua/ua/category/pesochnye-nabory/index.html]
[goodtoys.com.ua/ua/category/gorshki/index.html]
[goodtoys.com.ua/ua/category/samonaduvayushchiesya-turisticheskie-kovriki/index.html]
[goodtoys.com.ua/ua/category/sportivnye-igry-dlya-ulitsy/index.html]
[goodtoys.com.ua/ua/category/rolevye-detskie-igrovye-nabory/index.html]
[goodtoys.com.ua/ua/category/nabory-dlya-piknika/index.html]
[goodtoys.com.ua/ua/category/letnie-igrushki/index.html]
[goodtoys.com.ua/ua/category/garazhi-parkingi/index.html]
[goodtoys.com.ua/ua/category/zhilety-spasatelnye-dlya-vodnogo-sporta/index.html]
[goodtoys.com.ua/ua/category/germomeshki/index.html]
[goodtoys.com.ua/ua/category/detskie-mashinki-i-nabory-transporta/index.html]
[goodtoys.com.ua/ua/category/ortativnye-kholodilniki-aksessuary/index.html]
[goodtoys.com.ua/ua/category/flyagi-termosy/index.html]
[goodtoys.com.ua/ua/category/transformery-i-roboty/index.html]
[goodtoys.com.ua/ua/category/turisticheskaya-i-kempingovaya-mebel/index.html]
[goodtoys.com.ua/ua/category/turisticheskie-palatki/index.html]
[goodtoys.com.ua/ua/category/detskoe-oruzhie/index.html]
[goodtoys.com.ua/ua/category/gamaki/index.html]
[goodtoys.com.ua/ua/category/aksessuary-dlya-turizma/index.html]
[goodtoys.com.ua/ua/category/kollekcionnye-modeli/index.html]
[goodtoys.com.ua/ua/category/spalnye-meshki/index.html]
[goodtoys.com.ua/ua/category/obuchayushchie-plakaty-kovriki/index.html]
[goodtoys.com.ua/ua/category/modeli-samoletov/index.html]
[goodtoys.com.ua/ua/category/penaly-shkolnye/index.html]
[goodtoys.com.ua/ua/category/chemodan-dlya-risovaniya/index.html]
[goodtoys.com.ua/ua/category/nabory-drakonov-i-dinozavrov/index.html]
[goodtoys.com.ua/ua/category/trafarety-dlya-risovaniya/index.html]
[goodtoys.com.ua/ua/category/bloknoty/index.html]
[goodtoys.com.ua/ua/category/avtotreki-parkingi/index.html]
[goodtoys.com.ua/ua/category/gelevye-ruchki/index.html]
[goodtoys.com.ua/ua/category/flomastery-markery/index.html]
[goodtoys.com.ua/ua/category/detskaja-zheleznaja-doroga/index.html]
[goodtoys.com.ua/ua/category/karandashi/index.html]
[goodtoys.com.ua/ua/category/kraski/index.html]
[goodtoys.com.ua/ua/category/beyblade-burst/index.html]
[goodtoys.com.ua/ua/category/rospis-po-kholstu/index.html]
[goodtoys.com.ua/ua/category/raskraski/index.html]
[goodtoys.com.ua/ua/category/igrovye-nabory/index.html]
[goodtoys.com.ua/ua/category/vitrazhnye-kraski/index.html]
[goodtoys.com.ua/ua/category/melki-dlja-risovanija/index.html]
[goodtoys.com.ua/ua/category/kukly-dlja-devochek/index.html]
[goodtoys.com.ua/ua/category/proektory-dlja-risovanija/index.html]
[goodtoys.com.ua/ua/category/knizhki-dlya-samykh-malenkikh/index.html]
[goodtoys.com.ua/ua/category/pupsy/index.html]
[goodtoys.com.ua/ua/category/akrilovye-kraski/index.html]
[goodtoys.com.ua/ua/category/knigi-dlya-doshkolnikov/index.html]
[goodtoys.com.ua/ua/category/mebel-dlja-kukol/index.html]
[goodtoys.com.ua/ua/category/detskaya-i-podrostkovaya-literatura/index.html]
[goodtoys.com.ua/ua/category/radioupravljaemye-mashiny/index.html]
[goodtoys.com.ua/ua/category/entsiklopediya-dlya-detey/index.html]
[goodtoys.com.ua/ua/category/nabory-detskoy-kosmetiki-krasoty/index.html]
[goodtoys.com.ua/ua/category/radioupravljaemye-zhivotnye/index.html]
[goodtoys.com.ua/ua/category/knigi-dlya-mladshikh-klassov/index.html]
[goodtoys.com.ua/ua/category/shkatulki/index.html]
[goodtoys.com.ua/ua/category/-radioupravljaemye-kvadrokoptery/index.html]
[goodtoys.com.ua/ua/category/konstruktory-na-radioupravlenii/index.html]
[goodtoys.com.ua/ua/category/roboty-transformery/index.html]
[goodtoys.com.ua/ua/category/krovatki-dlja-kukol-/index.html]
[goodtoys.com.ua/ua/category/radioupravljaemye-tanki/index.html]
[goodtoys.com.ua/ua/category/radioupravljaemyj-spectransport/index.html]
[goodtoys.com.ua/ua/category/koljaski-dlja-kukol/index.html]
[goodtoys.com.ua/ua/category/radioupravljaemye-motocikly-kvadrocikly/index.html]
[goodtoys.com.ua/ua/category/radioupravljaemye-transformery/index.html]
[goodtoys.com.ua/ua/category/domiki-dlja-kukol/index.html]
[goodtoys.com.ua/ua/category/aksessuary/index.html]
[goodtoys.com.ua/ua/category/radioupravljaemye-lodki/index.html]
[goodtoys.com.ua/ua/category/elektromobili/index.html]
[goodtoys.com.ua/ua/category/radioupravljaemye-samolety/index.html]
[goodtoys.com.ua/ua/category/figurki-zhivotnyh/index.html]
[goodtoys.com.ua/ua/category/samokaty/index.html]
[goodtoys.com.ua/ua/category/figurki-marvel/index.html]
[goodtoys.com.ua/ua/category/radioupravljaemye-vertolety-/index.html]
[goodtoys.com.ua/ua/category/rolikovye-konki/index.html]
[goodtoys.com.ua/ua/category/figurki-funko-pop/index.html]
[goodtoys.com.ua/ua/category/figurki-shchenyachiy-patrul/index.html]
[goodtoys.com.ua/ua/category/mashinki-katalki/index.html]
[goodtoys.com.ua/ua/category/figurki-brawl-stars/index.html]
[goodtoys.com.ua/ua/category/figurki-disney-doorables/index.html]
[goodtoys.com.ua/ua/category/lps-zverushki/index.html]
[goodtoys.com.ua/ua/category/bakugan/index.html]
[goodtoys.com.ua/ua/category/skeyty-penibordy/index.html]
[goodtoys.com.ua/ua/category/figurki-stikbot/index.html]
[goodtoys.com.ua/ua/category/begovely/index.html]
[goodtoys.com.ua/ua/category/sharlotta-zemlyanichka/index.html]
[goodtoys.com.ua/ua/category/figurki-minecraft/index.html]
[goodtoys.com.ua/ua/category/velokarty/index.html]
[goodtoys.com.ua/ua/category/gormiti/index.html]
[goodtoys.com.ua/ua/category/figurki-jazwares-roblox/index.html]
[goodtoys.com.ua/ua/category/detskie-velosipedy/index.html]
[goodtoys.com.ua/ua/category/figurki-lil-woodzeez/index.html]
[goodtoys.com.ua/ua/category/figurki-star-wars/index.html]
[goodtoys.com.ua/ua/category/pedalnye-mashiny/index.html]
[goodtoys.com.ua/ua/category/figurki-num-moms/index.html]
[goodtoys.com.ua/ua/category/figurki-kholodnoe-serdtse/index.html]
[goodtoys.com.ua/ua/category/sanki/index.html]
[goodtoys.com.ua/ua/category/figurki-shopkins/index.html]
[goodtoys.com.ua/ua/category/figurki-mikki-maus/index.html]
[goodtoys.com.ua/ua/category/loshadki-kachalki/index.html]
[goodtoys.com.ua/ua/category/figurki-sherif-kelli/index.html]
[goodtoys.com.ua/ua/category/figurki-ben-i-kholli/index.html]
[goodtoys.com.ua/ua/category/nakolenniki-nalokotniki-shlemy/index.html]
[goodtoys.com.ua/ua/category/figurki-geroi-v-maskakh/index.html]
[goodtoys.com.ua/ua/category/figurki-fortnite/index.html]
[goodtoys.com.ua/ua/category/derevyannye-sortery/index.html]
[goodtoys.com.ua/ua/category/figurki-ledi-bag-i-super-kot/index.html]
[goodtoys.com.ua/ua/category/figurki-twisty-petz/index.html]
[goodtoys.com.ua/ua/category/figurki-cherepashki-nindzya/index.html]
[goodtoys.com.ua/ua/category/derevyannye-shnurovki/index.html]
[goodtoys.com.ua/ua/category/figurki-svinka-peppa/index.html]
[goodtoys.com.ua/ua/category/bizibordy/index.html]
[goodtoys.com.ua/ua/category/bukvy-i-tsifry/index.html]
[goodtoys.com.ua/ua/category/kukly-mlp/index.html]
[goodtoys.com.ua/ua/category/nabory-fokusnika/index.html]
[goodtoys.com.ua/ua/category/derevyannye-labirinty/index.html]
[goodtoys.com.ua/ua/category/pazly/index.html]
[goodtoys.com.ua/ua/category/doski-dlja-risovanija/index.html]
[goodtoys.com.ua/ua/category/derevyannye-pazly/index.html]
[goodtoys.com.ua/ua/category/nauchnye-igrypribory/index.html]
[goodtoys.com.ua/ua/category/plakaty-obuchajushie/index.html]
[goodtoys.com.ua/ua/category/derevannuye-muzykalnye-igrushki/index.html]
[goodtoys.com.ua/ua/category/mikroskopy-teleskopy/index.html]
[goodtoys.com.ua/ua/category/govorjashie-knigi-i-ruchki/index.html]
[goodtoys.com.ua/ua/category/derevyannye-kubiki-piramidki/index.html]
[goodtoys.com.ua/ua/category/3d-pazly/index.html]
[goodtoys.com.ua/ua/category/kubiki-rubika/index.html]
[goodtoys.com.ua/ua/category/derevyannye-katalki/index.html]
[goodtoys.com.ua/ua/category/kovriki-tancevalnye/index.html]
[goodtoys.com.ua/ua/category/derevyani-golovolomki/index.html]
[goodtoys.com.ua/ua/category/igrushki-stuchalki/index.html]
[goodtoys.com.ua/ua/category/golovolomki-dlya-puteshestviya/index.html]
[goodtoys.com.ua/ua/category/metallicheskie-golovolomki/index.html]
[goodtoys.com.ua/ua/category/derevyannye-zhivotnye/index.html]
[goodtoys.com.ua/ua/category/zmiyka-rubika/index.html]
[goodtoys.com.ua/ua/category/shariki-dlja-suhogo-basejna/index.html]
[goodtoys.com.ua/ua/category/derevyannye-balansiry/index.html]
[goodtoys.com.ua/ua/category/palatki-s-tonnelem/index.html]
[goodtoys.com.ua/ua/category/simpl-dimpl/index.html]
[goodtoys.com.ua/ua/category/konstruktor-mashiny/index.html]
[goodtoys.com.ua/ua/category/palatki-dlja-malchikov/index.html]
[goodtoys.com.ua/ua/category/igrushki-pop-it/index.html]
[goodtoys.com.ua/ua/category/magnitnye-metallicheskie/index.html]
[goodtoys.com.ua/ua/category/palatki-dlja-devochek/index.html]
[goodtoys.com.ua/ua/category/spinnery/index.html]
[goodtoys.com.ua/ua/category/konstruktory-s-krupnymi-detaljami/index.html]
[goodtoys.com.ua/ua/category/fur-real-friends-frf/index.html]
[goodtoys.com.ua/ua/category/zhivotnye/index.html]
[goodtoys.com.ua/ua/category/elektrokonstruktor/index.html]
[goodtoys.com.ua/ua/category/furby-ferbi/index.html]
[goodtoys.com.ua/ua/category/povtorjushki/index.html]
[goodtoys.com.ua/ua/category/vintovye-konstruktory/index.html]
[goodtoys.com.ua/ua/category/raskraski-wortex-woods/index.html]
[goodtoys.com.ua/ua/category/vyshivka-krestikom/index.html]
[goodtoys.com.ua/ua/category/populjarnye/index.html]
[goodtoys.com.ua/ua/category/gravyury/index.html]
[goodtoys.com.ua/ua/category/podramniki-i-kholsty/index.html]
[goodtoys.com.ua/ua/category/doma-otdyh/index.html]
[goodtoys.com.ua/ua/category/3d-ruchki/index.html]
[goodtoys.com.ua/ua/category/kineticheskiy-pesok/index.html]
[goodtoys.com.ua/ua/category/derevjannye-konstruktory/index.html]
[goodtoys.com.ua/ua/category/metallicheskie-konstruktory/index.html]
[goodtoys.com.ua/ua/category/konstruktor-lipuchka/index.html]
[goodtoys.com.ua/ua/category/konstruktory-zheleznaya-doroga/index.html]
[goodtoys.com.ua/ua/category/konstruktor-kosmos/index.html]
[goodtoys.com.ua/ua/category/mozaika/index.html]
[goodtoys.com.ua/ua/category/konstruktor-roboty/index.html]
[goodtoys.com.ua/ua/category/policija-spasateli/index.html]
[goodtoys.com.ua/ua/category/s-zhivotnymi/index.html]
[goodtoys.com.ua/ua/category/konstruktor-piraty/index.html]
[goodtoys.com.ua/ua/category/ninzjago/index.html]
[goodtoys.com.ua/ua/category/voennaja-tehnika-/index.html]
[goodtoys.com.ua/ua/category/stoliki-i-stulchiki/index.html]
[goodtoys.com.ua/ua/category/krovatki-dlja-detej/index.html]
[goodtoys.com.ua/ua/category/slaymy-lizuny/index.html]
[goodtoys.com.ua/ua/category/detskie-party/index.html]
[goodtoys.com.ua/ua/category/plastilin/index.html]
[goodtoys.com.ua/ua/category/polki-i-stellazhi-dlya-igrushek-knig/index.html]
[goodtoys.com.ua/ua/category/korziny-dlja-igrushek/index.html]
[goodtoys.com.ua/ua/category/kartiny-po-nomeram-na-podramnike/index.html]
[goodtoys.com.ua/ua/category/almaznaya-mozaika-po-nomeram/index.html]
[goodtoys.com.ua/ua/category/kartina-po-nomeram-stikerami/index.html]
[goodtoys.com.ua/ua/category/kartiny-po-derevu/index.html]
[goodtoys.com.ua/ua/category/raskraski-antistress/index.html]
[goodtoys.com.ua/ua/category/poliptikh-po-nomeram/index.html]
[goodtoys.com.ua/ua/category/kartiny-2-v-1/index.html]
[goodtoys.com.ua/ua/category/nastolnye-igry-18/index.html]
[goodtoys.com.ua/ua/category/shahmaty-shashki-nardy/index.html]
[goodtoys.com.ua/ua/category/mafiya/index.html]
[goodtoys.com.ua/ua/category/monopolija/index.html]
[goodtoys.com.ua/ua/category/kartochnye-igry/index.html]
[goodtoys.com.ua/ua/category/obuchajushie/index.html]
[goodtoys.com.ua/ua/category/semejnye/index.html]
[goodtoys.com.ua/ua/category/alians-i-pokhozhie-igry/index.html]
[goodtoys.com.ua/ua/category/duplet-i-memo/index.html]
[goodtoys.com.ua/ua/category/nastolnye-igry-v-dorogu/index.html]
[goodtoys.com.ua/ua/category/viktoriny/index.html]
[goodtoys.com.ua/ua/category/igry-brodilki-nastolnye/index.html]
[goodtoys.com.ua/ua/category/krokodil/index.html]
[goodtoys.com.ua/ua/category/kto-ya/index.html]
[goodtoys.com.ua/ua/category/igry-golovolomki/index.html]
[goodtoys.com.ua/ua/category/domino/index.html]
[goodtoys.com.ua/ua/category/loto/index.html]
[goodtoys.com.ua/ua/category/erudit/index.html]
[goodtoys.com.ua/ua/category/tvister/index.html]
[goodtoys.com.ua/ua/category/dzhenga/index.html]
[goodtoys.com.ua/ua/category/igry-angry-birds/index.html]
[goodtoys.com.ua/ua/category/nabory-dlya-pokera/index.html]
[goodtoys.com.ua/ua/category/morskoy-boy/index.html]
[goodtoys.com.ua/ua/category/ofisnye/index.html]
[goodtoys.com.ua/ua/category/fentezi/index.html]
[goodtoys.com.ua/ua/category/kolonizatory/index.html]
[goodtoys.com.ua/ua/category/detskie-bassejny/index.html]
[goodtoys.com.ua/ua/category/detskie-igrovye-centry/index.html]
[goodtoys.com.ua/ua/category/detskie-naduvnye-plotiki/index.html]
[goodtoys.com.ua/ua/category/karkasnye-bassejny/index.html]
[goodtoys.com.ua/ua/category/naduvnye-dzhakuzi/index.html]
[goodtoys.com.ua/ua/category/naduvnye-krugi-zhilety-narukavniki/index.html]
[goodtoys.com.ua/ua/category/naduvnye-kresla-pufiki/index.html]
[goodtoys.com.ua/ua/category/plajnie-matrasy/index.html]
